---
source: tests/tests.rs
expression: formatted
input_file: tests/inputs-semicolons/function-call-4.lua
---
Roact.createElement("ImageLabel", {
	Size = UDim2.new(
		0,
		TextService:GetTextSize(self.props.PhysicalTool.Name, 16, Enum.Font.SourceSansBold, Vector2.new(100000, 100000)).X
			+ 10,
		0,
		20
	),
});

