---
source: tests/tests.rs
expression: formatted
input_file: tests/inputs-semicolons/long-assignment-4.lua
---
do
	do
		local FrontDistanceX, FrontDistanceY =
			self.settings.FWsBoneLen * math.cos(math.rad(self.settings.FWsBoneAngle)),
			self.settings.FWsBoneLen * math.sin(math.rad(self.settings.FWsBoneAngle));
	end
end

