---
source: tests/tests.rs
expression: formatted
input_file: tests/inputs-semicolons/long-assignment-5.lua
---
-- https://github.com/JohnnyMorganz/StyLua/issues/292
local musicId, musicTime, responseTick, responseOffset =
	remotes.Server.GetSpectatorInfo:InvokeServer(player, sendTick, anotherArgument);

