---
source: tests/tests.rs
expression: formatted
input_file: tests/inputs-semicolons/hang-prefix.lua
---
(
	"foooooooooooooooooooooooooooooooooooooooooooooooooooooooooooooooo"
	.. "barrrrrrrrrrrrrrrrrrrrrrrrrrrrrrrrrrrrrrrrrrrrrrr"
):format();

do
	(
		"foooooooooooooooooooooooooooooooooooooooooooooooooooooooooooooooo"
		.. "barrrrrrrrrrrrrrrrrrrrrrrrrrrrrrrrrrrrrrrrrrrrrrr"
	):format();
end

print(
	(
		"foooooooooooooooooooooooooooooooooooooooooooooooooooooooooooooooo"
		.. "barrrrrrrrrrrrrrrrrrrrrrrrrrrrrrrrrrrrrrrrrrrrrrr"
	):format()
);

